---
http_interactions:
- request:
    method: post
    uri: https://accounts.spotify.com/api/token
    body:
      encoding: UTF-8
      string: grant_type=client_credentials
    headers:
      User-Agent:
      - Faraday v2.13.4
      Authorization:
      - Basic <SPOTIFY_BASIC_TOKEN>
      Content-Type:
      - application/x-www-form-urlencoded
      Accept-Encoding:
      - gzip;q=1.0,deflate;q=0.6,identity;q=0.3
      Accept:
      - "*/*"
  response:
    status:
      code: 200
      message: OK
    headers:
      Date:
      - Fri, 08 Aug 2025 14:25:21 GMT
      Content-Type:
      - application/json
      Request-Id:
      - 81605fac-fe55-409d-b2d2-d9e03c71c988
      Set-Cookie:
      - __Host-device_id=AQBpI6hqS-up6RjZNWMcRZcs7d2hBdLWUNq2id_ntVEPYHTKMlsoKeW4SFjvo2aKHZ2W5m0WU22tPpnl3p7_8d9TLjpwCkSRVTQ;Version=1;Path=/;Max-Age=2147483647;Secure;HttpOnly;SameSite=Lax
      - sp_tr=false;Version=1;Domain=accounts.spotify.com;Path=/;Secure;SameSite=Lax
      Sp-Trace-Id:
      - 2144409394e33bff
      X-Envoy-Upstream-Service-Time:
      - '6'
      Server:
      - envoy
      Strict-Transport-Security:
      - max-age=31536000
      X-Content-Type-Options:
      - nosniff
      Alt-Svc:
      - h3=":443"; ma=2592000,h3-29=":443"; ma=2592000
      - h3=":443"; ma=2592000,h3-29=":443"; ma=2592000
      Vary:
      - Accept-Encoding
      Via:
      - HTTP/2 edgeproxy, 1.1 google
      Transfer-Encoding:
      - chunked
    body:
      encoding: ASCII-8BIT
      string: '{"access_token":"<SPOTIFY_ACCESS_TOKEN>","token_type":"Bearer","expires_in":3600}'
  recorded_at: Fri, 08 Aug 2025 14:25:21 GMT
- request:
    method: get
    uri: https://api.spotify.com/v1/search?q=Nonexistent%20Track%20artist:unknown%20artist&type=track
    body:
      encoding: US-ASCII
      string: ''
    headers:
      User-Agent:
      - Faraday v2.13.4
      Authorization:
      - Bearer <SPOTIFY_BEARER_TOKEN>
      Content-Type:
      - application/json
      Accept-Encoding:
      - gzip;q=1.0,deflate;q=0.6,identity;q=0.3
      Accept:
      - "*/*"
  response:
    status:
      code: 200
      message: OK
    headers:
      Content-Type:
      - application/json; charset=utf-8
      Cache-Control:
      - public, max-age=0
      Etag:
      - '"MC-Ijc5OTliM2ZhNzc3ZDcxZWY2YjBjZDI4ZTYyZGM4NWUxIg=="'
      X-Robots-Tag:
      - noindex, nofollow
      Access-Control-Allow-Origin:
      - "*"
      Access-Control-Allow-Headers:
      - Accept, App-Platform, Authorization, Content-Type, Origin, Retry-After, Spotify-App-Version,
        X-Cloud-Trace-Context, client-token, content-access-token
      Access-Control-Allow-Methods:
      - GET, POST, OPTIONS, PUT, DELETE, PATCH
      Access-Control-Allow-Credentials:
      - 'true'
      Access-Control-Max-Age:
      - '604800'
      Strict-Transport-Security:
      - max-age=31536000
      X-Content-Type-Options:
      - nosniff
      Alt-Svc:
      - h3=":443"; ma=2592000,h3-29=":443"; ma=2592000
      - h3=":443"; ma=2592000,h3-29=":443"; ma=2592000
      Date:
      - Fri, 08 Aug 2025 14:25:21 GMT
      Server:
      - envoy
      Via:
      - HTTP/2 edgeproxy, 1.1 google
      Transfer-Encoding:
      - chunked
    body:
      encoding: ASCII-8BIT
      string: '{"tracks":{"href":"https://api.spotify.com/v1/search?offset=0&limit=20&query=Nonexistent%20Track%20artist%3Aunknown%20artist&type=track","limit":20,"next":null,"offset":0,"previous":null,"total":0,"items":[]}}'
  recorded_at: Fri, 08 Aug 2025 14:25:21 GMT
- request:
    method: post
    uri: https://accounts.spotify.com/api/token
    body:
      encoding: UTF-8
      string: grant_type=client_credentials
    headers:
      User-Agent:
      - Faraday v2.13.4
      Authorization:
      - Basic <SPOTIFY_BASIC_TOKEN>
      Content-Type:
      - application/x-www-form-urlencoded
      Accept-Encoding:
      - gzip;q=1.0,deflate;q=0.6,identity;q=0.3
      Accept:
      - "*/*"
  response:
    status:
      code: 200
      message: OK
    headers:
      Date:
      - Fri, 08 Aug 2025 14:25:21 GMT
      Content-Type:
      - application/json
      Request-Id:
      - 01b197be-359e-4196-9ba7-42ae5cabac22
      Set-Cookie:
      - __Host-device_id=AQBxvrI7LDf01VDmWWn74MStUP52Hof_g5CpkNlDD5IBMsXhXluWg7oFfgG0byj0Ip6B_4b2Ezh7Dg3OsYRfFeHxq1IGHavvEHc;Version=1;Path=/;Max-Age=2147483647;Secure;HttpOnly;SameSite=Lax
      - sp_tr=false;Version=1;Domain=accounts.spotify.com;Path=/;Secure;SameSite=Lax
      Sp-Trace-Id:
      - c67f00eeca43da81
      X-Envoy-Upstream-Service-Time:
      - '6'
      Server:
      - envoy
      Strict-Transport-Security:
      - max-age=31536000
      X-Content-Type-Options:
      - nosniff
      Alt-Svc:
      - h3=":443"; ma=2592000,h3-29=":443"; ma=2592000
      - h3=":443"; ma=2592000,h3-29=":443"; ma=2592000
      Vary:
      - Accept-Encoding
      Via:
      - HTTP/2 edgeproxy, 1.1 google
      Transfer-Encoding:
      - chunked
    body:
      encoding: ASCII-8BIT
      string: '{"access_token":"<SPOTIFY_ACCESS_TOKEN>","token_type":"Bearer","expires_in":3600}'
  recorded_at: Fri, 08 Aug 2025 14:25:21 GMT
- request:
    method: get
    uri: https://api.spotify.com/v1/search?q=Nonexistent%20Track%20artist:unknown%20artist&type=track
    body:
      encoding: US-ASCII
      string: ''
    headers:
      User-Agent:
      - Faraday v2.13.4
      Authorization:
      - Bearer <SPOTIFY_BEARER_TOKEN>
      Content-Type:
      - application/json
      Accept-Encoding:
      - gzip;q=1.0,deflate;q=0.6,identity;q=0.3
      Accept:
      - "*/*"
  response:
    status:
      code: 200
      message: OK
    headers:
      Content-Type:
      - application/json; charset=utf-8
      Cache-Control:
      - public, max-age=0
      Etag:
      - '"MC-Ijc5OTliM2ZhNzc3ZDcxZWY2YjBjZDI4ZTYyZGM4NWUxIg=="'
      X-Robots-Tag:
      - noindex, nofollow
      Access-Control-Allow-Origin:
      - "*"
      Access-Control-Allow-Headers:
      - Accept, App-Platform, Authorization, Content-Type, Origin, Retry-After, Spotify-App-Version,
        X-Cloud-Trace-Context, client-token, content-access-token
      Access-Control-Allow-Methods:
      - GET, POST, OPTIONS, PUT, DELETE, PATCH
      Access-Control-Allow-Credentials:
      - 'true'
      Access-Control-Max-Age:
      - '604800'
      Strict-Transport-Security:
      - max-age=31536000
      X-Content-Type-Options:
      - nosniff
      Alt-Svc:
      - h3=":443"; ma=2592000,h3-29=":443"; ma=2592000
      - h3=":443"; ma=2592000,h3-29=":443"; ma=2592000
      Date:
      - Fri, 08 Aug 2025 14:25:21 GMT
      Server:
      - envoy
      Via:
      - HTTP/2 edgeproxy, 1.1 google
      Transfer-Encoding:
      - chunked
    body:
      encoding: ASCII-8BIT
      string: '{"tracks":{"href":"https://api.spotify.com/v1/search?offset=0&limit=20&query=Nonexistent%20Track%20artist%3Aunknown%20artist&type=track","limit":20,"next":null,"offset":0,"previous":null,"total":0,"items":[]}}'
  recorded_at: Fri, 08 Aug 2025 14:25:21 GMT
- request:
    method: post
    uri: https://accounts.spotify.com/api/token
    body:
      encoding: UTF-8
      string: grant_type=client_credentials
    headers:
      User-Agent:
      - Faraday v2.13.4
      Authorization:
      - Basic <SPOTIFY_BASIC_TOKEN>
      Content-Type:
      - application/x-www-form-urlencoded
      Accept-Encoding:
      - gzip;q=1.0,deflate;q=0.6,identity;q=0.3
      Accept:
      - "*/*"
  response:
    status:
      code: 200
      message: OK
    headers:
      Date:
      - Fri, 08 Aug 2025 14:25:21 GMT
      Content-Type:
      - application/json
      Request-Id:
      - 9b2e9f18-3417-4b04-b837-8cdaba43a5f3
      Set-Cookie:
      - __Host-device_id=AQCYzQoSiXcaYo-IjZ-P-plDWfD7GRngJPAhfpw2HmZOj8E9hKPlS2xgAC-YhEBtqLdGXTjhhNeK9AHiNht3nOEPaVsUDeN1epg;Version=1;Path=/;Max-Age=2147483647;Secure;HttpOnly;SameSite=Lax
      - sp_tr=false;Version=1;Domain=accounts.spotify.com;Path=/;Secure;SameSite=Lax
      Sp-Trace-Id:
      - f3cd30090b0c125e
      X-Envoy-Upstream-Service-Time:
      - '6'
      Server:
      - envoy
      Strict-Transport-Security:
      - max-age=31536000
      X-Content-Type-Options:
      - nosniff
      Alt-Svc:
      - h3=":443"; ma=2592000,h3-29=":443"; ma=2592000
      - h3=":443"; ma=2592000,h3-29=":443"; ma=2592000
      Vary:
      - Accept-Encoding
      Via:
      - HTTP/2 edgeproxy, 1.1 google
      Transfer-Encoding:
      - chunked
    body:
      encoding: ASCII-8BIT
      string: '{"access_token":"<SPOTIFY_ACCESS_TOKEN>","token_type":"Bearer","expires_in":3600}'
  recorded_at: Fri, 08 Aug 2025 14:25:21 GMT
- request:
    method: get
    uri: https://api.spotify.com/v1/search?q=Nonexistent%20Track%20artist:unknown%20artist&type=track
    body:
      encoding: US-ASCII
      string: ''
    headers:
      User-Agent:
      - Faraday v2.13.4
      Authorization:
      - Bearer <SPOTIFY_BEARER_TOKEN>
      Content-Type:
      - application/json
      Accept-Encoding:
      - gzip;q=1.0,deflate;q=0.6,identity;q=0.3
      Accept:
      - "*/*"
  response:
    status:
      code: 200
      message: OK
    headers:
      Content-Type:
      - application/json; charset=utf-8
      Cache-Control:
      - public, max-age=0
      Etag:
      - '"MC-Ijc5OTliM2ZhNzc3ZDcxZWY2YjBjZDI4ZTYyZGM4NWUxIg=="'
      X-Robots-Tag:
      - noindex, nofollow
      Access-Control-Allow-Origin:
      - "*"
      Access-Control-Allow-Headers:
      - Accept, App-Platform, Authorization, Content-Type, Origin, Retry-After, Spotify-App-Version,
        X-Cloud-Trace-Context, client-token, content-access-token
      Access-Control-Allow-Methods:
      - GET, POST, OPTIONS, PUT, DELETE, PATCH
      Access-Control-Allow-Credentials:
      - 'true'
      Access-Control-Max-Age:
      - '604800'
      Strict-Transport-Security:
      - max-age=31536000
      X-Content-Type-Options:
      - nosniff
      Alt-Svc:
      - h3=":443"; ma=2592000,h3-29=":443"; ma=2592000
      - h3=":443"; ma=2592000,h3-29=":443"; ma=2592000
      Date:
      - Fri, 08 Aug 2025 14:25:21 GMT
      Server:
      - envoy
      Via:
      - HTTP/2 edgeproxy, 1.1 google
      Transfer-Encoding:
      - chunked
    body:
      encoding: ASCII-8BIT
      string: '{"tracks":{"href":"https://api.spotify.com/v1/search?offset=0&limit=20&query=Nonexistent%20Track%20artist%3Aunknown%20artist&type=track","limit":20,"next":null,"offset":0,"previous":null,"total":0,"items":[]}}'
  recorded_at: Fri, 08 Aug 2025 14:25:21 GMT
- request:
    method: post
    uri: https://accounts.spotify.com/api/token
    body:
      encoding: UTF-8
      string: grant_type=client_credentials
    headers:
      User-Agent:
      - Faraday v2.13.4
      Authorization:
      - Basic <SPOTIFY_BASIC_TOKEN>
      Content-Type:
      - application/x-www-form-urlencoded
      Accept-Encoding:
      - gzip;q=1.0,deflate;q=0.6,identity;q=0.3
      Accept:
      - "*/*"
  response:
    status:
      code: 200
      message: OK
    headers:
      Date:
      - Fri, 08 Aug 2025 14:25:22 GMT
      Content-Type:
      - application/json
      Request-Id:
      - b7a9fccf-77f2-4c0d-9e00-84704a0e0a30
      Set-Cookie:
      - __Host-device_id=AQBpPi6I9_YRXvDyOypgW1GUvnTpjoxPajBj5SOXrunSjVpzWMG-LCxzzjyPWTBphi1ocOCBUH7svDyytpLxXuhXeEVfPJG6lHM;Version=1;Path=/;Max-Age=2147483647;Secure;HttpOnly;SameSite=Lax
      - sp_tr=false;Version=1;Domain=accounts.spotify.com;Path=/;Secure;SameSite=Lax
      Sp-Trace-Id:
      - 4b861782b20ab7c7
      X-Envoy-Upstream-Service-Time:
      - '5'
      Server:
      - envoy
      Strict-Transport-Security:
      - max-age=31536000
      X-Content-Type-Options:
      - nosniff
      Alt-Svc:
      - h3=":443"; ma=2592000,h3-29=":443"; ma=2592000
      - h3=":443"; ma=2592000,h3-29=":443"; ma=2592000
      Vary:
      - Accept-Encoding
      Via:
      - HTTP/2 edgeproxy, 1.1 google
      Transfer-Encoding:
      - chunked
    body:
      encoding: ASCII-8BIT
      string: '{"access_token":"<SPOTIFY_ACCESS_TOKEN>","token_type":"Bearer","expires_in":3600}'
  recorded_at: Fri, 08 Aug 2025 14:25:22 GMT
- request:
    method: get
    uri: https://api.spotify.com/v1/search?q=Nonexistent%20Track%20artist:unknown%20artist&type=track
    body:
      encoding: US-ASCII
      string: ''
    headers:
      User-Agent:
      - Faraday v2.13.4
      Authorization:
      - Bearer <SPOTIFY_BEARER_TOKEN>
      Content-Type:
      - application/json
      Accept-Encoding:
      - gzip;q=1.0,deflate;q=0.6,identity;q=0.3
      Accept:
      - "*/*"
  response:
    status:
      code: 200
      message: OK
    headers:
      Content-Type:
      - application/json; charset=utf-8
      Cache-Control:
      - public, max-age=0
      Etag:
      - '"MC-Ijc5OTliM2ZhNzc3ZDcxZWY2YjBjZDI4ZTYyZGM4NWUxIg=="'
      X-Robots-Tag:
      - noindex, nofollow
      Access-Control-Allow-Origin:
      - "*"
      Access-Control-Allow-Headers:
      - Accept, App-Platform, Authorization, Content-Type, Origin, Retry-After, Spotify-App-Version,
        X-Cloud-Trace-Context, client-token, content-access-token
      Access-Control-Allow-Methods:
      - GET, POST, OPTIONS, PUT, DELETE, PATCH
      Access-Control-Allow-Credentials:
      - 'true'
      Access-Control-Max-Age:
      - '604800'
      Strict-Transport-Security:
      - max-age=31536000
      X-Content-Type-Options:
      - nosniff
      Alt-Svc:
      - h3=":443"; ma=2592000,h3-29=":443"; ma=2592000
      - h3=":443"; ma=2592000,h3-29=":443"; ma=2592000
      Date:
      - Fri, 08 Aug 2025 14:25:22 GMT
      Server:
      - envoy
      Via:
      - HTTP/2 edgeproxy, 1.1 google
      Transfer-Encoding:
      - chunked
    body:
      encoding: ASCII-8BIT
      string: '{"tracks":{"href":"https://api.spotify.com/v1/search?offset=0&limit=20&query=Nonexistent%20Track%20artist%3Aunknown%20artist&type=track","limit":20,"next":null,"offset":0,"previous":null,"total":0,"items":[]}}'
  recorded_at: Fri, 08 Aug 2025 14:25:22 GMT
- request:
    method: post
    uri: https://accounts.spotify.com/api/token
    body:
      encoding: UTF-8
      string: grant_type=client_credentials
    headers:
      User-Agent:
      - Faraday v2.13.4
      Authorization:
      - Basic <SPOTIFY_BASIC_TOKEN>
      Content-Type:
      - application/x-www-form-urlencoded
      Accept-Encoding:
      - gzip;q=1.0,deflate;q=0.6,identity;q=0.3
      Accept:
      - "*/*"
  response:
    status:
      code: 200
      message: OK
    headers:
      Date:
      - Fri, 08 Aug 2025 14:25:22 GMT
      Content-Type:
      - application/json
      Request-Id:
      - ca5edd58-83b3-40f2-b8cc-27b3ad02c224
      Set-Cookie:
      - __Host-device_id=AQDdJfBwDp7ypu06imjqDWLs62BXnrLtLLsFPFf0P419nb7hiCunawHxd-RD64o4eBBfiUdJ1PEsw-y_fwCKq7D8sOFpnMxpTD0;Version=1;Path=/;Max-Age=2147483647;Secure;HttpOnly;SameSite=Lax
      - sp_tr=false;Version=1;Domain=accounts.spotify.com;Path=/;Secure;SameSite=Lax
      Sp-Trace-Id:
      - 073f244349cfe98a
      X-Envoy-Upstream-Service-Time:
      - '5'
      Server:
      - envoy
      Strict-Transport-Security:
      - max-age=31536000
      X-Content-Type-Options:
      - nosniff
      Alt-Svc:
      - h3=":443"; ma=2592000,h3-29=":443"; ma=2592000
      - h3=":443"; ma=2592000,h3-29=":443"; ma=2592000
      Vary:
      - Accept-Encoding
      Via:
      - HTTP/2 edgeproxy, 1.1 google
      Transfer-Encoding:
      - chunked
    body:
      encoding: ASCII-8BIT
      string: '{"access_token":"<SPOTIFY_ACCESS_TOKEN>","token_type":"Bearer","expires_in":3600}'
  recorded_at: Fri, 08 Aug 2025 14:25:22 GMT
- request:
    method: get
    uri: https://api.spotify.com/v1/search?q=Nonexistent%20Track%20artist:unknown%20artist&type=track
    body:
      encoding: US-ASCII
      string: ''
    headers:
      User-Agent:
      - Faraday v2.13.4
      Authorization:
      - Bearer <SPOTIFY_BEARER_TOKEN>
      Content-Type:
      - application/json
      Accept-Encoding:
      - gzip;q=1.0,deflate;q=0.6,identity;q=0.3
      Accept:
      - "*/*"
  response:
    status:
      code: 200
      message: OK
    headers:
      Content-Type:
      - application/json; charset=utf-8
      Cache-Control:
      - public, max-age=0
      Etag:
      - '"MC-Ijc5OTliM2ZhNzc3ZDcxZWY2YjBjZDI4ZTYyZGM4NWUxIg=="'
      X-Robots-Tag:
      - noindex, nofollow
      Access-Control-Allow-Origin:
      - "*"
      Access-Control-Allow-Headers:
      - Accept, App-Platform, Authorization, Content-Type, Origin, Retry-After, Spotify-App-Version,
        X-Cloud-Trace-Context, client-token, content-access-token
      Access-Control-Allow-Methods:
      - GET, POST, OPTIONS, PUT, DELETE, PATCH
      Access-Control-Allow-Credentials:
      - 'true'
      Access-Control-Max-Age:
      - '604800'
      Strict-Transport-Security:
      - max-age=31536000
      X-Content-Type-Options:
      - nosniff
      Alt-Svc:
      - h3=":443"; ma=2592000,h3-29=":443"; ma=2592000
      - h3=":443"; ma=2592000,h3-29=":443"; ma=2592000
      Date:
      - Fri, 08 Aug 2025 14:25:22 GMT
      Server:
      - envoy
      Via:
      - HTTP/2 edgeproxy, 1.1 google
      Transfer-Encoding:
      - chunked
    body:
      encoding: ASCII-8BIT
      string: '{"tracks":{"href":"https://api.spotify.com/v1/search?offset=0&limit=20&query=Nonexistent%20Track%20artist%3Aunknown%20artist&type=track","limit":20,"next":null,"offset":0,"previous":null,"total":0,"items":[]}}'
  recorded_at: Fri, 08 Aug 2025 14:25:22 GMT
- request:
    method: post
    uri: https://accounts.spotify.com/api/token
    body:
      encoding: UTF-8
      string: grant_type=client_credentials
    headers:
      User-Agent:
      - Faraday v2.13.4
      Authorization:
      - Basic <SPOTIFY_BASIC_TOKEN>
      Content-Type:
      - application/x-www-form-urlencoded
      Accept-Encoding:
      - gzip;q=1.0,deflate;q=0.6,identity;q=0.3
      Accept:
      - "*/*"
  response:
    status:
      code: 200
      message: OK
    headers:
      Date:
      - Fri, 08 Aug 2025 14:25:22 GMT
      Content-Type:
      - application/json
      Request-Id:
      - 30d88e66-18e3-4364-8553-82da6ddb9400
      Set-Cookie:
      - __Host-device_id=AQDW0akO4ht3_iKbL-zubaTaYrYqL17eP7c_paNNQi15m1N6YJowS5A2NZCdtBNdlUsYlCtfkL8PE9wf8C9hG-KCNtsxB5uj4vo;Version=1;Path=/;Max-Age=2147483647;Secure;HttpOnly;SameSite=Lax
      - sp_tr=false;Version=1;Domain=accounts.spotify.com;Path=/;Secure;SameSite=Lax
      Sp-Trace-Id:
      - f386311c9d27dba9
      X-Envoy-Upstream-Service-Time:
      - '6'
      Server:
      - envoy
      Strict-Transport-Security:
      - max-age=31536000
      X-Content-Type-Options:
      - nosniff
      Alt-Svc:
      - h3=":443"; ma=2592000,h3-29=":443"; ma=2592000
      - h3=":443"; ma=2592000,h3-29=":443"; ma=2592000
      Vary:
      - Accept-Encoding
      Via:
      - HTTP/2 edgeproxy, 1.1 google
      Transfer-Encoding:
      - chunked
    body:
      encoding: ASCII-8BIT
      string: '{"access_token":"<SPOTIFY_ACCESS_TOKEN>","token_type":"Bearer","expires_in":3600}'
  recorded_at: Fri, 08 Aug 2025 14:25:22 GMT
- request:
    method: get
    uri: https://api.spotify.com/v1/search?q=Nonexistent%20Track%20artist:unknown%20artist&type=track
    body:
      encoding: US-ASCII
      string: ''
    headers:
      User-Agent:
      - Faraday v2.13.4
      Authorization:
      - Bearer <SPOTIFY_BEARER_TOKEN>
      Content-Type:
      - application/json
      Accept-Encoding:
      - gzip;q=1.0,deflate;q=0.6,identity;q=0.3
      Accept:
      - "*/*"
  response:
    status:
      code: 200
      message: OK
    headers:
      Content-Type:
      - application/json; charset=utf-8
      Cache-Control:
      - public, max-age=0
      Etag:
      - '"MC-Ijc5OTliM2ZhNzc3ZDcxZWY2YjBjZDI4ZTYyZGM4NWUxIg=="'
      X-Robots-Tag:
      - noindex, nofollow
      Access-Control-Allow-Origin:
      - "*"
      Access-Control-Allow-Headers:
      - Accept, App-Platform, Authorization, Content-Type, Origin, Retry-After, Spotify-App-Version,
        X-Cloud-Trace-Context, client-token, content-access-token
      Access-Control-Allow-Methods:
      - GET, POST, OPTIONS, PUT, DELETE, PATCH
      Access-Control-Allow-Credentials:
      - 'true'
      Access-Control-Max-Age:
      - '604800'
      Strict-Transport-Security:
      - max-age=31536000
      X-Content-Type-Options:
      - nosniff
      Alt-Svc:
      - h3=":443"; ma=2592000,h3-29=":443"; ma=2592000
      - h3=":443"; ma=2592000,h3-29=":443"; ma=2592000
      Date:
      - Fri, 08 Aug 2025 14:25:22 GMT
      Server:
      - envoy
      Via:
      - HTTP/2 edgeproxy, 1.1 google
      Transfer-Encoding:
      - chunked
    body:
      encoding: ASCII-8BIT
      string: '{"tracks":{"href":"https://api.spotify.com/v1/search?offset=0&limit=20&query=Nonexistent%20Track%20artist%3Aunknown%20artist&type=track","limit":20,"next":null,"offset":0,"previous":null,"total":0,"items":[]}}'
  recorded_at: Fri, 08 Aug 2025 14:25:22 GMT
- request:
    method: post
    uri: https://accounts.spotify.com/api/token
    body:
      encoding: UTF-8
      string: grant_type=client_credentials
    headers:
      User-Agent:
      - Faraday v2.13.4
      Authorization:
      - Basic <SPOTIFY_BASIC_TOKEN>
      Content-Type:
      - application/x-www-form-urlencoded
      Accept-Encoding:
      - gzip;q=1.0,deflate;q=0.6,identity;q=0.3
      Accept:
      - "*/*"
  response:
    status:
      code: 200
      message: OK
    headers:
      Date:
      - Fri, 08 Aug 2025 14:25:22 GMT
      Content-Type:
      - application/json
      Request-Id:
      - 3e51e17e-e9f4-47b9-aabc-9ea88ca82bca
      Set-Cookie:
      - __Host-device_id=AQDJEvhIxmbSwJ9zFCiCmF8GGYqcmz0JjtulryVJ4f0lWkM8pZWzzeZKbR4dFgGGigPO9PyWve5t5GEGk2KeRbV7mATGkPQA7BY;Version=1;Path=/;Max-Age=2147483647;Secure;HttpOnly;SameSite=Lax
      - sp_tr=false;Version=1;Domain=accounts.spotify.com;Path=/;Secure;SameSite=Lax
      Sp-Trace-Id:
      - 84425d04b8f93a32
      X-Envoy-Upstream-Service-Time:
      - '7'
      Server:
      - envoy
      Strict-Transport-Security:
      - max-age=31536000
      X-Content-Type-Options:
      - nosniff
      Alt-Svc:
      - h3=":443"; ma=2592000,h3-29=":443"; ma=2592000
      - h3=":443"; ma=2592000,h3-29=":443"; ma=2592000
      Vary:
      - Accept-Encoding
      Via:
      - HTTP/2 edgeproxy, 1.1 google
      Transfer-Encoding:
      - chunked
    body:
      encoding: ASCII-8BIT
      string: '{"access_token":"<SPOTIFY_ACCESS_TOKEN>","token_type":"Bearer","expires_in":3600}'
  recorded_at: Fri, 08 Aug 2025 14:25:22 GMT
- request:
    method: get
    uri: https://api.spotify.com/v1/search?q=Nonexistent%20Track%20artist:unknown%20artist&type=track
    body:
      encoding: US-ASCII
      string: ''
    headers:
      User-Agent:
      - Faraday v2.13.4
      Authorization:
      - Bearer <SPOTIFY_BEARER_TOKEN>
      Content-Type:
      - application/json
      Accept-Encoding:
      - gzip;q=1.0,deflate;q=0.6,identity;q=0.3
      Accept:
      - "*/*"
  response:
    status:
      code: 200
      message: OK
    headers:
      Content-Type:
      - application/json; charset=utf-8
      Cache-Control:
      - public, max-age=0
      Etag:
      - '"MC-Ijc5OTliM2ZhNzc3ZDcxZWY2YjBjZDI4ZTYyZGM4NWUxIg=="'
      X-Robots-Tag:
      - noindex, nofollow
      Access-Control-Allow-Origin:
      - "*"
      Access-Control-Allow-Headers:
      - Accept, App-Platform, Authorization, Content-Type, Origin, Retry-After, Spotify-App-Version,
        X-Cloud-Trace-Context, client-token, content-access-token
      Access-Control-Allow-Methods:
      - GET, POST, OPTIONS, PUT, DELETE, PATCH
      Access-Control-Allow-Credentials:
      - 'true'
      Access-Control-Max-Age:
      - '604800'
      Strict-Transport-Security:
      - max-age=31536000
      X-Content-Type-Options:
      - nosniff
      Alt-Svc:
      - h3=":443"; ma=2592000,h3-29=":443"; ma=2592000
      - h3=":443"; ma=2592000,h3-29=":443"; ma=2592000
      Date:
      - Fri, 08 Aug 2025 14:25:22 GMT
      Server:
      - envoy
      Via:
      - HTTP/2 edgeproxy, 1.1 google
      Transfer-Encoding:
      - chunked
    body:
      encoding: ASCII-8BIT
      string: '{"tracks":{"href":"https://api.spotify.com/v1/search?offset=0&limit=20&query=Nonexistent%20Track%20artist%3Aunknown%20artist&type=track","limit":20,"next":null,"offset":0,"previous":null,"total":0,"items":[]}}'
  recorded_at: Fri, 08 Aug 2025 14:25:22 GMT
recorded_with: VCR 6.3.1
